Command: vcs -sverilog top.sv -debug_access+all -kdb -l compile.log
                         Chronologic VCS (TM)
       Version T-2022.06-SP2_Full64 -- Sat May  2 15:11:11 2026

                    Copyright (c) 1991 - 2022 Synopsys, Inc.
   This software and the associated documentation are proprietary to Synopsys,
 Inc. This software may only be used in accordance with the terms and conditions
 of a written license agreement with Synopsys, Inc. All other use, reproduction,
   or distribution of this software is strictly prohibited.  Licensed Products
     communicate with Synopsys servers for the purpose of providing software
    updates, detecting software piracy and verifying that customers are using
    Licensed Products in conformity with the applicable License Key for such
  Licensed Products. Synopsys will use information gathered in connection with
    this process to deliver software updates and pursue software pirates and
                                   infringers.

 Inclusivity & Diversity - Visit SolvNetPlus to read the "Synopsys Statement on
            Inclusivity and Diversity" (Refer to article 000036315 at
                        https://solvnetplus.synopsys.com)

Parsing design file 'top.sv'
Parsing included file 'mem_if.sv'.
Back to file 'top.sv'.
Parsing included file 'my_mem.sv'.
Back to file 'top.sv'.
Parsing included file 'test.sv'.
Parsing included file 'mem_pkg.sv'.
Back to file 'test.sv'.
Back to file 'top.sv'.
Top Level Modules:
       top
TimeScale is 1 ns / 1 ps
Notice: Ports coerced to inout, use -notice for details
Starting vcs inline pass...

4 modules and 0 UDP read.
	However, due to incremental compilation, no re-compilation is necessary.
rm -f _cuarc*.so _csrc*.so pre_vcsobj_*.so share_vcsobj_*.so
if [ -x ../simv ]; then chmod a-x ../simv; fi
g++  -o ../simv      -rdynamic  -Wl,-rpath='$ORIGIN'/simv.daidir -Wl,-rpath=./simv.daidir \
-Wl,-rpath=/usr/synopsys/vcs/T-2022.06-SP2/linux64/lib -L/usr/synopsys/vcs/T-2022.06-SP2/linux64/lib \
-Wl,-rpath-link=./  /usr/lib64/libnuma.so.1   objs/amcQw_d.o   _27806_archive_1.so \
_prev_archive_1.so  SIM_l.o      rmapats_mop.o rmapats.o rmar.o rmar_nd.o  rmar_llvm_0_1.o \
rmar_llvm_0_0.o            -lvirsim -lerrorinf -lsnpsmalloc -lvfs    -lvcsnew -lsimprofile \
-luclinative /usr/synopsys/vcs/T-2022.06-SP2/linux64/lib/vcs_tls.o   -Wl,-whole-archive \
-lvcsucli    -Wl,-no-whole-archive        _vcs_pli_stub_.o   /usr/synopsys/vcs/T-2022.06-SP2/linux64/lib/vcs_save_restore_new.o \
/usr/synopsys/verdi/T-2022.06-SP2/share/PLI/VCS/LINUX64/pli.a -ldl  -lc -lm -lpthread \
-ldl 
../simv up to date
CPU time: .656 seconds to compile + .425 seconds to elab + .307 seconds to link
Verdi KDB elaboration done and the database successfully generated: 0 error(s), 0 warning(s)
